{
  "$schema": "https://json.schemastore.org/sarif-2.1.0.json",
  "version": "2.1.0",
  "runs": [
    {
      "tool": {
        "driver": {
          "name": "clearance",
          "version": "0.9.1",
          "informationUri": "https://clearance.dev",
          "rules": null
        }
      },
      "results": null
    }
  ]
}
